  ▲ Next.js 14.2.35
  - Local:        http://localhost:3100
  - Environments: .env

 ✓ Starting...
 ✓ Ready in 2.1s
 ○ Compiling / ...
 ✓ Compiled / in 3.3s (547 modules)
 GET / 200 in 3491ms
 ○ Compiling /login ...
 ✓ Compiled /login in 1896ms (542 modules)
 ✓ Compiled /api/session/demo in 122ms (296 modules)
 POST /api/session/demo 303 in 831ms
 ✓ Compiled /businesses in 182ms (575 modules)
 GET /businesses 200 in 284ms
 ✓ Compiled /api/entry in 264ms (338 modules)
 GET /api/entry 200 in 413ms
 GET /api/entry 200 in 19ms
 ○ Compiling /overview ...
 ✓ Compiled /overview in 635ms (701 modules)
 ✓ Compiled /api/scope in 88ms (388 modules)
 ✓ Compiled (396 modules)
 GET /api/viewer 200 in 282ms
 GET /api/viewer 200 in 8ms
 GET /api/scope 200 in 294ms
 GET /api/viewer 200 in 26ms
 ✓ Compiled /api/business/strategy in 117ms (399 modules)
 ✓ Compiled (402 modules)
 GET /api/projects?businessId=b920589b-8c1b-48f3-9924-2c5a6fa35a70 200 in 314ms
 GET /api/viewer 200 in 281ms
 GET /api/business/strategy?businessId=b920589b-8c1b-48f3-9924-2c5a6fa35a70 200 in 318ms
 GET /api/projects?businessId=b920589b-8c1b-48f3-9924-2c5a6fa35a70 200 in 37ms
 GET /api/business/strategy?businessId=b920589b-8c1b-48f3-9924-2c5a6fa35a70 200 in 63ms
 ✓ Compiled /api/progress/project/[id] in 149ms (407 modules)
 GET /api/progress/project/62103b6b-404c-4737-b334-d190d7d80bf4 200 in 758ms
 GET /api/progress/project/1e4ee354-b3e0-49e3-a839-8b25b80970ca 200 in 757ms
 GET /api/progress/project/138e3d24-9b59-4e21-96f6-ecd2218a27ef 200 in 767ms
 GET /api/progress/project/ee00a0b5-c8c5-482a-84da-596e35a4c7f3 200 in 753ms
 GET /api/progress/project/c1d20082-74a3-4eb7-a759-a59a3b4010de 200 in 808ms
 GET /api/progress/project/bd6d3065-5290-4d92-9401-31c60a779bf8 200 in 147ms
 GET /api/progress/project/4ed44208-1918-4d1f-9928-391b6eb8d2fa 200 in 150ms
 GET /api/progress/project/f59c79c8-35e4-4f4f-a6f0-1bce18db4058 200 in 160ms
 GET /api/progress/project/b52220b8-da18-4dff-8f49-bf50ebfacd43 200 in 161ms
 GET /api/progress/project/78ad7f1b-a097-4ce1-ac70-f82c1a9c8ce4 200 in 158ms
 GET /api/progress/project/76b7b8fe-c707-4e01-bd34-9c8b0b5f5646 200 in 1003ms
 GET /api/progress/project/1e4ee354-b3e0-49e3-a839-8b25b80970ca 200 in 26ms
 GET /api/progress/project/138e3d24-9b59-4e21-96f6-ecd2218a27ef 200 in 33ms
 GET /api/progress/project/ee00a0b5-c8c5-482a-84da-596e35a4c7f3 200 in 49ms
 GET /api/progress/project/62103b6b-404c-4737-b334-d190d7d80bf4 200 in 56ms
 GET /api/progress/project/c1d20082-74a3-4eb7-a759-a59a3b4010de 200 in 60ms
 GET /api/progress/project/bd6d3065-5290-4d92-9401-31c60a779bf8 200 in 24ms
 GET /api/progress/project/4ed44208-1918-4d1f-9928-391b6eb8d2fa 200 in 32ms
 GET /api/progress/project/f59c79c8-35e4-4f4f-a6f0-1bce18db4058 200 in 32ms
 GET /api/progress/project/b52220b8-da18-4dff-8f49-bf50ebfacd43 200 in 59ms
 GET /api/progress/project/78ad7f1b-a097-4ce1-ac70-f82c1a9c8ce4 200 in 64ms
 GET /api/progress/project/76b7b8fe-c707-4e01-bd34-9c8b0b5f5646 200 in 174ms
 GET /overview 200 in 114ms
 GET /api/viewer 401 in 33ms
 GET /api/scope 200 in 42ms
 GET /api/viewer 401 in 25ms
 GET /api/scope 200 in 42ms
 GET / 200 in 81ms
 POST /api/session/demo 303 in 10ms
 GET /businesses 200 in 53ms
 GET /api/entry 200 in 17ms
 GET /api/entry 200 in 11ms
 GET /api/viewer 200 in 11ms
 GET /api/scope 200 in 16ms
 GET /api/viewer 200 in 19ms
 GET /api/viewer 200 in 19ms
 GET /api/projects?businessId=b920589b-8c1b-48f3-9924-2c5a6fa35a70 200 in 41ms
 GET /api/business/strategy?businessId=b920589b-8c1b-48f3-9924-2c5a6fa35a70 200 in 51ms
 GET /api/viewer 200 in 30ms
 GET /api/projects?businessId=b920589b-8c1b-48f3-9924-2c5a6fa35a70 200 in 61ms
 GET /api/progress/project/c1d20082-74a3-4eb7-a759-a59a3b4010de 200 in 87ms
 GET /api/progress/project/62103b6b-404c-4737-b334-d190d7d80bf4 200 in 101ms
 GET /api/progress/project/1e4ee354-b3e0-49e3-a839-8b25b80970ca 200 in 101ms
 GET /api/progress/project/138e3d24-9b59-4e21-96f6-ecd2218a27ef 200 in 97ms
 GET /api/progress/project/ee00a0b5-c8c5-482a-84da-596e35a4c7f3 200 in 99ms
 GET /api/progress/project/bd6d3065-5290-4d92-9401-31c60a779bf8 200 in 98ms
 GET /api/progress/project/4ed44208-1918-4d1f-9928-391b6eb8d2fa 200 in 15ms
 GET /api/business/strategy?businessId=b920589b-8c1b-48f3-9924-2c5a6fa35a70 200 in 24ms
 GET /api/progress/project/f59c79c8-35e4-4f4f-a6f0-1bce18db4058 200 in 32ms
 GET /api/progress/project/b52220b8-da18-4dff-8f49-bf50ebfacd43 200 in 68ms
 GET /api/progress/project/78ad7f1b-a097-4ce1-ac70-f82c1a9c8ce4 200 in 68ms
 GET /api/progress/project/76b7b8fe-c707-4e01-bd34-9c8b0b5f5646 200 in 214ms
 GET /api/progress/project/1e4ee354-b3e0-49e3-a839-8b25b80970ca 200 in 143ms
 GET /api/progress/project/138e3d24-9b59-4e21-96f6-ecd2218a27ef 200 in 144ms
 GET /api/progress/project/ee00a0b5-c8c5-482a-84da-596e35a4c7f3 200 in 144ms
 GET /api/progress/project/62103b6b-404c-4737-b334-d190d7d80bf4 200 in 164ms
 GET /api/progress/project/c1d20082-74a3-4eb7-a759-a59a3b4010de 200 in 281ms
 GET /api/progress/project/4ed44208-1918-4d1f-9928-391b6eb8d2fa 200 in 57ms
 GET /api/progress/project/bd6d3065-5290-4d92-9401-31c60a779bf8 200 in 66ms
 GET /api/progress/project/f59c79c8-35e4-4f4f-a6f0-1bce18db4058 200 in 66ms
 GET /api/progress/project/b52220b8-da18-4dff-8f49-bf50ebfacd43 200 in 66ms
 GET /api/progress/project/78ad7f1b-a097-4ce1-ac70-f82c1a9c8ce4 200 in 24ms
 GET /api/progress/project/76b7b8fe-c707-4e01-bd34-9c8b0b5f5646 200 in 157ms
 GET /api/entry 200 in 11ms
 GET /api/entry 200 in 11ms
 GET /api/viewer 200 in 13ms
 GET /api/viewer 200 in 11ms
 GET /api/scope 200 in 37ms
 GET /api/projects?businessId=b920589b-8c1b-48f3-9924-2c5a6fa35a70 200 in 33ms
 GET /api/business/strategy?businessId=b920589b-8c1b-48f3-9924-2c5a6fa35a70 200 in 33ms
 GET /api/viewer 200 in 39ms
 GET /api/projects?businessId=b920589b-8c1b-48f3-9924-2c5a6fa35a70 200 in 41ms
 GET /api/progress/project/62103b6b-404c-4737-b334-d190d7d80bf4 200 in 37ms
 GET /api/progress/project/1e4ee354-b3e0-49e3-a839-8b25b80970ca 200 in 37ms
 GET /api/progress/project/138e3d24-9b59-4e21-96f6-ecd2218a27ef 200 in 50ms
 GET /api/progress/project/76b7b8fe-c707-4e01-bd34-9c8b0b5f5646 200 in 174ms
 GET /api/progress/project/ee00a0b5-c8c5-482a-84da-596e35a4c7f3 200 in 147ms
 GET /api/progress/project/bd6d3065-5290-4d92-9401-31c60a779bf8 200 in 108ms
 GET /api/progress/project/c1d20082-74a3-4eb7-a759-a59a3b4010de 200 in 229ms
 GET /api/viewer 200 in 7ms
 GET /api/progress/project/78ad7f1b-a097-4ce1-ac70-f82c1a9c8ce4 200 in 58ms
 GET /api/progress/project/b52220b8-da18-4dff-8f49-bf50ebfacd43 200 in 81ms
 GET /api/progress/project/4ed44208-1918-4d1f-9928-391b6eb8d2fa 200 in 186ms
 GET /api/progress/project/f59c79c8-35e4-4f4f-a6f0-1bce18db4058 200 in 189ms
 GET /api/progress/project/62103b6b-404c-4737-b334-d190d7d80bf4 200 in 17ms
 GET /api/business/strategy?businessId=b920589b-8c1b-48f3-9924-2c5a6fa35a70 200 in 86ms
 GET /api/progress/project/1e4ee354-b3e0-49e3-a839-8b25b80970ca 200 in 30ms
 GET /api/progress/project/138e3d24-9b59-4e21-96f6-ecd2218a27ef 200 in 24ms
 GET /api/progress/project/ee00a0b5-c8c5-482a-84da-596e35a4c7f3 200 in 23ms
 GET /api/progress/project/bd6d3065-5290-4d92-9401-31c60a779bf8 200 in 48ms
 GET /api/progress/project/c1d20082-74a3-4eb7-a759-a59a3b4010de 200 in 55ms
 GET /api/progress/project/78ad7f1b-a097-4ce1-ac70-f82c1a9c8ce4 200 in 52ms
 GET /api/progress/project/4ed44208-1918-4d1f-9928-391b6eb8d2fa 200 in 59ms
 GET /api/progress/project/b52220b8-da18-4dff-8f49-bf50ebfacd43 200 in 60ms
 GET /api/progress/project/f59c79c8-35e4-4f4f-a6f0-1bce18db4058 200 in 56ms
 GET /api/progress/project/76b7b8fe-c707-4e01-bd34-9c8b0b5f5646 200 in 228ms
 ✓ Compiled /projects in 457ms (734 modules)
 GET /api/projects?businessId=b920589b-8c1b-48f3-9924-2c5a6fa35a70 200 in 34ms
 GET /api/scope 200 in 35ms
 GET /api/projects?businessId=b920589b-8c1b-48f3-9924-2c5a6fa35a70 200 in 11ms
