[    1786ms] [ERROR] Failed to load resource: the server responded with a status of 404 (Not Found) @ http://localhost:3100/_next/static/css/app/layout.css?v=1786632057282:0
[    1804ms] [ERROR] Failed to load resource: the server responded with a status of 404 (Not Found) @ http://localhost:3100/_next/static/chunks/app-pages-internals.js:0
[    1804ms] [ERROR] Failed to load resource: the server responded with a status of 404 (Not Found) @ http://localhost:3100/_next/static/chunks/webpack.js?v=1786632057282:0
[    1805ms] [ERROR] Failed to load resource: the server responded with a status of 404 (Not Found) @ http://localhost:3100/_next/static/chunks/app/page.js:0
[    1805ms] [ERROR] Failed to load resource: the server responded with a status of 404 (Not Found) @ http://localhost:3100/_next/static/chunks/main-app.js?v=1786632057282:0
[    1805ms] [ERROR] Failed to load resource: the server responded with a status of 404 (Not Found) @ http://localhost:3100/_next/static/chunks/app/layout.js:0
[    1812ms] [ERROR] Failed to load resource: the server responded with a status of 404 (Not Found) @ http://localhost:3100/favicon.ico:0
[   42159ms] [ERROR] Failed to load resource: the server responded with a status of 500 (Internal Server Error) @ http://localhost:3100/login:0
[   42363ms] [INFO] %cDownload the React DevTools for a better development experience: https://reactjs.org/link/react-devtools font-weight:bold @ webpack-internal:///./node_modules/react-dom/cjs/react-dom.development.js:29889
[   42411ms] Error: Cannot find module './8948.js'
Require stack:
- D:\zuri-ai\.next\server\webpack-runtime.js
- D:\zuri-ai\.next\server\app\_not-found\page.js
- D:\zuri-ai\node_modules\next\dist\server\require.js
- D:\zuri-ai\node_modules\next\dist\server\load-components.js
- D:\zuri-ai\node_modules\next\dist\build\utils.js
- D:\zuri-ai\node_modules\next\dist\server\dev\hot-middleware.js
- D:\zuri-ai\node_modules\next\dist\server\dev\hot-reloader-webpack.js
- D:\zuri-ai\node_modules\next\dist\server\lib\router-utils\setup-dev-bundler.js
- D:\zuri-ai\node_modules\next\dist\server\lib\router-server.js
- D:\zuri-ai\node_modules\next\dist\server\lib\start-server.js
    at Module.<anonymous> (node:internal/modules/cjs/loader:1500:15)
    at <unknown> (file://D:\zuri-ai\node_modules\next\dist\server\require-hook.js:55:36)
    at wrapResolveFilename (node:internal/modules/cjs/loader:1071:27)
    at defaultResolveImplForCJSLoading (node:internal/modules/cjs/loader:1095:10)
    at resolveForCJSWithHooks (node:internal/modules/cjs/loader:1116:12)
    at Module._load (node:internal/modules/cjs/loader:1285:25)
    at wrapModuleLoad (node:internal/modules/cjs/loader:255:19)
    at Module.<anonymous> (node:internal/modules/cjs/loader:1600:12)
    at mod.require (file://D:\zuri-ai\node_modules\next\dist\server\require-hook.js:65:28)
    at require (node:internal/modules/helpers:153:16)
    at __webpack_require__.f.require (file://D:\zuri-ai\.next\server\webpack-runtime.js:203:28)
    at <unknown> (file://D:\zuri-ai\.next\server\webpack-runtime.js:116:40)
    at Array.reduce (<anonymous>)
    at __webpack_require__.e (file://D:\zuri-ai\.next\server\webpack-runtime.js:115:67)
    at Array.map (<anonymous>)
    at __webpack_require__.X (file://D:\zuri-ai\.next\server\webpack-runtime.js:167:22)
    at <unknown> (file://D:\zuri-ai\.next\server\app\login\page.js:1:7079)
    at Object.<anonymous> (file://D:\zuri-ai\.next\server\app\login\page.js:1:7132)
    at Module._compile (node:internal/modules/cjs/loader:1854:14)
    at Object..js (node:internal/modules/cjs/loader:1985:10)
    at Module.load (node:internal/modules/cjs/loader:1577:32)
    at Module._load (node:internal/modules/cjs/loader:1379:12)
    at wrapModuleLoad (node:internal/modules/cjs/loader:255:19)
    at Module.<anonymous> (node:internal/modules/cjs/loader:1600:12)
    at mod.require (file://D:\zuri-ai\node_modules\next\dist\server\require-hook.js:65:28)
    at require (node:internal/modules/helpers:153:16)
    at requirePage (file://D:\zuri-ai\node_modules\next\dist\server\require.js:109:84)
    at <unknown> (file://D:\zuri-ai\node_modules\next\dist\server\load-components.js:103:84)
    at async loadComponentsImpl (file://D:\zuri-ai\node_modules\next\dist\server\load-components.js:103:26)
    at async DevServer.findPageComponentsImpl (file://D:\zuri-ai\node_modules\next\dist\server\next-server.js:714:36)
    at async DevServer.findPageComponents (file://D:\zuri-ai\node_modules\next\dist\server\dev\next-dev-server.js:577:20)
    at async DevServer.renderPageComponent (file://D:\zuri-ai\node_modules\next\dist\server\base-server.js:1910:24)
    at async DevServer.renderToResponseImpl (file://D:\zuri-ai\node_modules\next\dist\server\base-server.js:1962:32)
    at async DevServer.pipeImpl (file://D:\zuri-ai\node_modules\next\dist\server\base-server.js:922:25)
    at async NextNodeServer.handleCatchallRenderRequest (file://D:\zuri-ai\node_modules\next\dist\server\next-server.js:272:17)
    at async DevServer.handleRequestImpl (file://D:\zuri-ai\node_modules\next\dist\server\base-server.js:818:17)
    at async (file://D:\zuri-ai\node_modules\next\dist\server\dev\next-dev-server.js:339:20)
    at async Span.traceAsyncFn (file://D:\zuri-ai\node_modules\next\dist\trace\trace.js:154:20)
    at async DevServer.handleRequest (file://D:\zuri-ai\node_modules\next\dist\server\dev\next-dev-server.js:336:24)
    at async invokeRender (file://D:\zuri-ai\node_modules\next\dist\server\lib\router-server.js:179:21)
    at async handleRequest (file://D:\zuri-ai\node_modules\next\dist\server\lib\router-server.js:359:24)
    at async requestHandlerImpl (file://D:\zuri-ai\node_modules\next\dist\server\lib\router-server.js:383:13)
    at async Server.requestListener (file://D:\zuri-ai\node_modules\next\dist\server\lib\start-server.js:141:13)
[   42411ms] [LOG] [HMR] connected @ webpack-internal:///./node_modules/next/dist/client/components/react-dev-overlay/pages/websocket.js:38
[   50901ms] [LOG] [Fast Refresh] rebuilding @ webpack-internal:///./node_modules/next/dist/client/components/react-dev-overlay/pages/hot-reloader-client.js:221
[   51221ms] [WARNING] [Fast Refresh] performing full reload because your application had an unrecoverable error @ webpack-internal:///./node_modules/next/dist/client/components/react-dev-overlay/pages/hot-reloader-client.js:349
[   51412ms] [ERROR] Failed to load resource: the server responded with a status of 404 (Not Found) @ http://localhost:3100/_next/static/css/app/layout.css?v=1786632108565:0
[   51438ms] [ERROR] Failed to load resource: the server responded with a status of 404 (Not Found) @ http://localhost:3100/_next/static/chunks/main-app.js?v=1786632108565:0
[   51439ms] [ERROR] Failed to load resource: the server responded with a status of 404 (Not Found) @ http://localhost:3100/_next/static/chunks/app-pages-internals.js:0
[   51439ms] [ERROR] Failed to load resource: the server responded with a status of 404 (Not Found) @ http://localhost:3100/_next/static/chunks/app/login/page.js:0
